#
# A fatal error has been detected by the Java Runtime Environment:
#
#  EXCEPTION_ACCESS_VIOLATION (0xc0000005) at pc=0x0000000000000000, pid=23200, tid=4936
#
# JRE version: OpenJDK Runtime Environment Microsoft-13106358 (17.0.18+8) (build 17.0.18+8-LTS)
# Java VM: OpenJDK 64-Bit Server VM Microsoft-13106358 (17.0.18+8-LTS, mixed mode, sharing, tiered, compressed oops, compressed class ptrs, g1 gc, windows-amd64)
# Problematic frame:
# V  [jvm.dll+0x66c44a]
#
# No core dump will be written. Minidumps are not enabled by default on client versions of Windows
#
# If you would like to submit a bug report, please visit:
#   https://github.com/microsoft/openjdk/issues
#

---------------  S U M M A R Y ------------

Command Line: -javaagent:C:\Program Files\JetBrains\IntelliJ IDEA Community Edition 2025.1.1.1\lib\idea_rt.jar=60586 -Dfile.encoding=UTF-8 com.duoc.banco_central_xyz.BancoCentralXyzApplication

Host: Intel(R) Core(TM) i5-10600K CPU @ 4.10GHz, 12 cores, 15G,  Windows 10 , 64 bit Build 19041 (10.0.19041.5915)
Time: Tue Sep  1 22:02:27 2026 Hora est. Sudamérica Pacífico elapsed time: 4.392538 seconds (0d 0h 0m 4s)

---------------  T H R E A D  ---------------

Current thread (0x0000026715502f30):  JavaThread "C2 CompilerThread2" daemon [_thread_in_native, id=4936, stack(0x000000c630a00000,0x000000c630b00000)]


Current CompileTask:
C2:4392 4562       4       org.springframework.aop.support.MethodMatchers$UnionMethodMatcher::matches (50 bytes)

Stack: [0x000000c630a00000,0x000000c630b00000],  sp=0x000000c630afb490,  free space=1005k
Native frames: (J=compiled Java code, j=interpreted, Vv=VM code, C=native code)


siginfo: EXCEPTION_ACCESS_VIOLATION (0xc0000005), data execution prevention violation at address 0x0000000000000000


Registers:
RAX=0x00007ffd950bb1b8, RBX=0x000000003a549a04, RCX=0x000002671631e860, RDX=0x0000000000000000
RSP=0x000000c630afb488, RBP=0x00000000000008be, RSI=0x0000026716ad9aa8, RDI=0x0000000000000002
R8 =0x000000000000001e, R9 =0x0000026716ad9cf8, R10=0x00000266ce699a48, R11=0x000000c630afb488
R12=0x0000000000000000, R13=0x0000026717641750, R14=0x00000000000045f0, R15=0x0000026715d67b10
RIP=0x0000000000000000, EFLAGS=0x0000000000010202

XMM[0]=0x0000000000000000 0x0000000000000000
XMM[1]=0x0000026717cf0230 0x0000026715fbbb68
XMM[2]=0x0000026717cf2850 0x0000026717cf2360
XMM[3]=0x0000000000000000 0x0000000000000000
XMM[4]=0x0000000000000000 0x0000000000000000
XMM[5]=0x0000000000000000 0x0000000000000000
XMM[6]=0x0000000000000000 0x0000000000000000
XMM[7]=0x0000000000000000 0x0000000000000000
XMM[8]=0x0000000000000000 0x0000000000000000
XMM[9]=0x0000000000000000 0x0000000000000000
XMM[10]=0x0000000000000000 0x0000000000000000
XMM[11]=0x0000000000000000 0x0000000000000000
XMM[12]=0x0000000000000000 0x0000000000000000
XMM[13]=0x0000000000000000 0x0000000000000000
XMM[14]=0x0000000000000000 0x0000000000000000
XMM[15]=0x0000000000000000 0x0000000000000000
  MXCSR=0x00001fa0


Register to memory mapping:

RIP=0x0 is NULL
RAX=0x00007ffd950bb1b8 jvm.dll
RBX=0x000000003a549a04 is an unknown value
RCX=0x000002671631e860 points into unknown readable memory: 0x00007ffd950bb1b8 | b8 b1 0b 95 fd 7f 00 00
RDX=0x0 is NULL
RSP=0x000000c630afb488 is pointing into the stack for thread: 0x0000026715502f30
RBP=0x00000000000008be is an unknown value
RSI=0x0000026716ad9aa8 points into unknown readable memory: 0x00007ffd94e4c818 | 18 c8 e4 94 fd 7f 00 00
RDI=0x0000000000000002 is an unknown value
R8 =0x000000000000001e is an unknown value
R9 =0x0000026716ad9cf8 points into unknown readable memory: 0x0000026716ad8600 | 00 86 ad 16 67 02 00 00
R10=0x00000266ce699a48 points into unknown readable memory: 0x00007ffd94dd2330 | 30 23 dd 94 fd 7f 00 00
R11=0x000000c630afb488 is pointing into the stack for thread: 0x0000026715502f30
R12=0x0 is NULL
R13=0x0000026717641750 points into unknown readable memory: 0x6da74e0800000006 | 06 00 00 00 08 4e a7 6d
R14=0x00000000000045f0 is an unknown value
R15=0x0000026715d67b10 points into unknown readable memory: 0x00007ffd94e4c358 | 58 c3 e4 94 fd 7f 00 00


Top of Stack: (sp=0x000000c630afb488)
0x000000c630afb488:   00007ffd94b8c44a 0000026717641750
0x000000c630afb498:   00007ffd94bd499b 0000026717ceea18
0x000000c630afb4a8:   00000000000045e8 000000c630afc078
0x000000c630afb4b8:   00007ffd94bd4809 0000026716ad9aa8
0x000000c630afb4c8:   000000c630afb6f0 0000026717641750
0x000000c630afb4d8:   0000000000000000 000000c630afb6f0
0x000000c630afb4e8:   00007ffd94bd65ac 0000026716ad9aa8
0x000000c630afb4f8:   00000000000045e8 00000000000008bd
0x000000c630afb508:   000000c630afb6f0 00000000000045f0
0x000000c630afb518:   00007ffd94bd503a 000000c630afe6d0
0x000000c630afb528:   00000000000008be 0000026716ad9aa8
0x000000c630afb538:   000000c630afb6f0 0000000000000003
0x000000c630afb548:   00000267159ef1b0 0000000000000048
0x000000c630afb558:   00007ffd9473eff0 0000000000000018
0x000000c630afb568:   0000026716f06030 000000c630afe6d0
0x000000c630afb578:   000000c630afb660 000002671633e800
0x000000c630afb588:   00007ffd947c9f9c 0000000000000000
0x000000c630afb598:   0000000000000000 00000266cf450068
0x000000c630afb5a8:   00000266cf450000 0000026715b75850
0x000000c630afb5b8:   00007ffd94e70e38 0000000000000000
0x000000c630afb5c8:   0000000000000000 0000000000000000
0x000000c630afb5d8:   00007ffd94e70e38 00000266cf000d00
0x000000c630afb5e8:   0000000000000000 00000266cf450080
0x000000c630afb5f8:   00007ffd94c8105c 0000026715b75840
0x000000c630afb608:   00007ffd94b7eab8 0000026715b75840
0x000000c630afb618:   00007ffd94c806cc 000000c630afbb90
0x000000c630afb628:   0000026716f05480 0000026716f09fb8
0x000000c630afb638:   0000026715b75850 00000266cf450068
0x000000c630afb648:   00000266cf450068 0000026715b75850
0x000000c630afb658:   00007ffd94cdb805 0000026716f09fb8
0x000000c630afb668:   00000266cf000d58 0000000000000000
0x000000c630afb678:   00000266a905ab30 00000266cf000d58 

Instructions: (pc=0x00007ffd94b8c44a)
0x00007ffd94b8c34a:   8b 5c 24 30 48 8b 74 24 38 48 83 c4 20 5f c3 48
0x00007ffd94b8c35a:   8b 03 48 8b cb ff 10 3b c6 0f 85 3f ff ff ff 48
0x00007ffd94b8c36a:   8b 43 08 48 39 78 10 0f 85 31 ff ff ff b0 01 48
0x00007ffd94b8c37a:   8b 5c 24 30 48 8b 74 24 38 48 83 c4 20 5f c3 48
0x00007ffd94b8c38a:   8b 03 48 8b cb ff 10 48 8b 5c 24 30 3d ca 00 00
0x00007ffd94b8c39a:   00 48 8b 74 24 38 0f 94 c0 48 83 c4 20 5f c3 cc
0x00007ffd94b8c3aa:   cc cc cc cc cc cc 48 89 5c 24 08 57 48 83 ec 20
0x00007ffd94b8c3ba:   8b 51 18 33 db 85 d2 74 1b 48 8b 41 08 66 0f 1f
0x00007ffd94b8c3ca:   84 00 00 00 00 00 03 db 2b 18 48 8d 40 08 48 83
0x00007ffd94b8c3da:   ea 01 75 f2 48 8b 01 8b 79 18 ff 10 c1 eb 02 03
0x00007ffd94b8c3ea:   c7 03 c3 48 8b 5c 24 30 48 83 c4 20 5f c3 cc cc
0x00007ffd94b8c3fa:   cc cc cc cc cc cc 48 89 5c 24 08 48 89 74 24 10
0x00007ffd94b8c40a:   57 48 83 ec 20 48 8b f1 33 db 8b 49 18 85 c9 74
0x00007ffd94b8c41a:   14 48 8b 46 08 8b d1 03 db 2b 18 48 8d 40 08 48
0x00007ffd94b8c42a:   83 ea 01 75 f2 48 8b 06 8b f9 48 8b ce ff 10 48
0x00007ffd94b8c43a:   8b 4e 38 03 c7 c1 eb 02 03 d8 48 8b 01 ff 50 50
0x00007ffd94b8c44a:   48 8b 74 24 38 03 c3 48 8b 5c 24 30 48 83 c4 20
0x00007ffd94b8c45a:   5f c3 cc cc cc cc 48 83 ec 28 ba 05 09 00 00 48
0x00007ffd94b8c46a:   8d 0d b0 a3 34 00 e8 0b 09 be ff e8 96 25 02 00
0x00007ffd94b8c47a:   48 8d 05 bf 77 4d 00 48 83 c4 28 c3 cc cc cc cc
0x00007ffd94b8c48a:   cc cc cc cc cc cc 48 89 5c 24 08 48 89 74 24 10
0x00007ffd94b8c49a:   57 48 83 ec 20 8b f2 49 8b f8 33 d2 48 8b d9 e8
0x00007ffd94b8c4aa:   d2 e4 ff ff 8b 4b 18 44 8b ce 41 f7 d1 41 03 c9
0x00007ffd94b8c4ba:   74 38 4c 8b 43 08 44 8d 56 01 49 ff ca 8b c1 4c
0x00007ffd94b8c4ca:   03 d0 4c 8d 4e ff 4c 03 c8 4f 8d 14 d0 4f 8d 0c
0x00007ffd94b8c4da:   c8 85 c9 74 15 90 49 8b 09 4d 8d 49 f8 49 89 0a
0x00007ffd94b8c4ea:   4d 8d 52 f8 48 83 e8 01 75 ec 48 8b 43 08 48 89
0x00007ffd94b8c4fa:   3c f0 48 85 ff 74 0b 48 8b d3 48 8b cf e8 24 f5
0x00007ffd94b8c50a:   a0 ff 48 8b 5c 24 30 48 8b 74 24 38 48 83 c4 20
0x00007ffd94b8c51a:   5f c3 cc cc cc cc 48 89 5c 24 08 48 89 74 24 10
0x00007ffd94b8c52a:   57 48 83 ec 20 48 8b 41 10 49 8b f8 8b f2 48 8b
0x00007ffd94b8c53a:   d9 8b 51 08 44 8d 4a ff 4a 83 3c c8 00 74 05 e8 


Stack slot to memory mapping:
stack at sp + 0 slots: 0x0000026717641750 points into unknown readable memory: 0x6da74e0800000006 | 06 00 00 00 08 4e a7 6d
stack at sp + 1 slots: 0x00007ffd94bd499b jvm.dll
stack at sp + 2 slots: 0x0000026717ceea18 points into unknown readable memory: 0x00007ffd94ecb558 | 58 b5 ec 94 fd 7f 00 00
stack at sp + 3 slots: 0x00000000000045e8 is an unknown value
stack at sp + 4 slots: 0x000000c630afc078 is pointing into the stack for thread: 0x0000026715502f30
stack at sp + 5 slots: 0x00007ffd94bd4809 jvm.dll
stack at sp + 6 slots: 0x0000026716ad9aa8 points into unknown readable memory: 0x00007ffd94e4c818 | 18 c8 e4 94 fd 7f 00 00
stack at sp + 7 slots: 0x000000c630afb6f0 is pointing into the stack for thread: 0x0000026715502f30


---------------  P R O C E S S  ---------------

Threads class SMR info:
_java_thread_list=0x0000026716be1540, length=21, elements={
0x00000266a9060e50, 0x00000266ce615300, 0x00000266ce616190, 0x00000266ce621480,
0x00000266ce622d60, 0x00000266ce623b30, 0x00000266ce6244f0, 0x00000266ce625290,
0x00000266ce62dd50, 0x00000266ce6314a0, 0x00000266ce5f5b80, 0x00000266ce940720,
0x00000266ce93f560, 0x00000266ce93fa40, 0x000002671754d6e0, 0x0000026718229850,
0x0000026717c4fa00, 0x0000026717c50930, 0x0000026717c50e40, 0x0000026717c51350,
0x0000026715502f30
}

Java Threads: ( => current thread )
  0x00000266a9060e50 JavaThread "main" [_thread_in_vm, id=21028, stack(0x000000c62eb00000,0x000000c62ec00000)]
  0x00000266ce615300 JavaThread "Reference Handler" daemon [_thread_blocked, id=11180, stack(0x000000c62f200000,0x000000c62f300000)]
  0x00000266ce616190 JavaThread "Finalizer" daemon [_thread_blocked, id=20452, stack(0x000000c62f300000,0x000000c62f400000)]
  0x00000266ce621480 JavaThread "Signal Dispatcher" daemon [_thread_blocked, id=22568, stack(0x000000c62f400000,0x000000c62f500000)]
  0x00000266ce622d60 JavaThread "Attach Listener" daemon [_thread_blocked, id=10276, stack(0x000000c62f500000,0x000000c62f600000)]
  0x00000266ce623b30 JavaThread "Service Thread" daemon [_thread_blocked, id=15332, stack(0x000000c62f600000,0x000000c62f700000)]
  0x00000266ce6244f0 JavaThread "Monitor Deflation Thread" daemon [_thread_blocked, id=11396, stack(0x000000c62f700000,0x000000c62f800000)]
  0x00000266ce625290 JavaThread "C2 CompilerThread0" daemon [_thread_in_native, id=9536, stack(0x000000c62f800000,0x000000c62f900000)]
  0x00000266ce62dd50 JavaThread "C1 CompilerThread0" daemon [_thread_blocked, id=13412, stack(0x000000c62f900000,0x000000c62fa00000)]
  0x00000266ce6314a0 JavaThread "Sweeper thread" daemon [_thread_blocked, id=16020, stack(0x000000c62fa00000,0x000000c62fb00000)]
  0x00000266ce5f5b80 JavaThread "Common-Cleaner" daemon [_thread_blocked, id=13124, stack(0x000000c62fb00000,0x000000c62fc00000)]
  0x00000266ce940720 JavaThread "C2 CompilerThread1" daemon [_thread_in_native, id=21196, stack(0x000000c62fc00000,0x000000c62fd00000)]
  0x00000266ce93f560 JavaThread "Monitor Ctrl-Break" daemon [_thread_in_native, id=10536, stack(0x000000c62fd00000,0x000000c62fe00000)]
  0x00000266ce93fa40 JavaThread "Notification Thread" daemon [_thread_blocked, id=5708, stack(0x000000c62fe00000,0x000000c62ff00000)]
  0x000002671754d6e0 JavaThread "Catalina-utility-1" [_thread_blocked, id=24224, stack(0x000000c630500000,0x000000c630600000)]
  0x0000026718229850 JavaThread "Catalina-utility-2" [_thread_blocked, id=19632, stack(0x000000c630d00000,0x000000c630e00000)]
  0x0000026717c4fa00 JavaThread "container-0" [_thread_blocked, id=544, stack(0x000000c630e00000,0x000000c630f00000)]
  0x0000026717c50930 JavaThread "Cleaner-0" daemon [_thread_blocked, id=15892, stack(0x000000c631000000,0x000000c631100000)]
  0x0000026717c50e40 JavaThread "HikariPool-1:housekeeper" daemon [_thread_blocked, id=22480, stack(0x000000c631100000,0x000000c631200000)]
  0x0000026717c51350 JavaThread "HikariPool-1:connection-adder" daemon [_thread_in_native, id=2664, stack(0x000000c631200000,0x000000c631300000)]
=>0x0000026715502f30 JavaThread "C2 CompilerThread2" daemon [_thread_in_native, id=4936, stack(0x000000c630a00000,0x000000c630b00000)]

Other Threads:
  0x00000266ce607bf0 VMThread "VM Thread" [stack: 0x000000c62f100000,0x000000c62f200000] [id=5736]
  0x00000266a9061e10 WatcherThread [stack: 0x000000c62ff00000,0x000000c630000000] [id=13272]
  0x00000266a90cd920 GCTaskThread "GC Thread#0" [stack: 0x000000c62ec00000,0x000000c62ed00000] [id=15528]
  0x00000267143b0690 GCTaskThread "GC Thread#1" [stack: 0x000000c630000000,0x000000c630100000] [id=18656]
  0x00000267143b0960 GCTaskThread "GC Thread#2" [stack: 0x000000c630100000,0x000000c630200000] [id=17504]
  0x00000267143b0c30 GCTaskThread "GC Thread#3" [stack: 0x000000c630200000,0x000000c630300000] [id=20316]
  0x00000267144f1850 GCTaskThread "GC Thread#4" [stack: 0x000000c630300000,0x000000c630400000] [id=15480]
  0x00000267144f2330 GCTaskThread "GC Thread#5" [stack: 0x000000c630400000,0x000000c630500000] [id=21956]
  0x0000026715227940 GCTaskThread "GC Thread#6" [stack: 0x000000c630600000,0x000000c630700000] [id=10468]
  0x00000267152281b0 GCTaskThread "GC Thread#7" [stack: 0x000000c630700000,0x000000c630800000] [id=8516]
  0x0000026715226b30 GCTaskThread "GC Thread#8" [stack: 0x000000c630800000,0x000000c630900000] [id=21512]
  0x0000026715227ee0 GCTaskThread "GC Thread#9" [stack: 0x000000c630900000,0x000000c630a00000] [id=19244]
  0x00000266a90da790 ConcurrentGCThread "G1 Main Marker" [stack: 0x000000c62ed00000,0x000000c62ee00000] [id=16776]
  0x00000266a8e1e1b0 ConcurrentGCThread "G1 Conc#0" [stack: 0x000000c62ee00000,0x000000c62ef00000] [id=15204]
  0x0000026715228480 ConcurrentGCThread "G1 Conc#1" [stack: 0x000000c630b00000,0x000000c630c00000] [id=17076]
  0x0000026715226e00 ConcurrentGCThread "G1 Conc#2" [stack: 0x000000c630c00000,0x000000c630d00000] [id=15740]
  0x00000266ce4bd620 ConcurrentGCThread "G1 Refine#0" [stack: 0x000000c62ef00000,0x000000c62f000000] [id=11804]
  0x00000266ce4bfd20 ConcurrentGCThread "G1 Service" [stack: 0x000000c62f000000,0x000000c62f100000] [id=23956]

Threads with active compile tasks:
C2 CompilerThread0  4413 4580       4       org.springframework.core.BridgeMethodResolver::getMostSpecificMethod (53 bytes)
C2 CompilerThread1  4413 4668       4       java.security.MessageDigest::update (14 bytes)
C2 CompilerThread2  4413 4562       4       org.springframework.aop.support.MethodMatchers$UnionMethodMatcher::matches (50 bytes)

VM state: not at safepoint (normal execution)

VM Mutex/Monitor currently owned by a thread: None

Heap address: 0x0000000701200000, size: 4078 MB, Compressed Oops mode: Zero based, Oop shift amount: 3

CDS archive(s) mapped at: [0x00000266cf000000-0x00000266cfbb0000-0x00000266cfbb0000), size 12255232, SharedBaseAddress: 0x00000266cf000000, ArchiveRelocationMode: 1.
Compressed class space mapped at: 0x00000266d0000000-0x0000026710000000, reserved size: 1073741824
Narrow klass base: 0x00000266cf000000, Narrow klass shift: 0, Narrow klass range: 0x100000000

GC Precious Log:
 CPUs: 12 total, 12 available
 Memory: 16310M
 Large Page Support: Disabled
 NUMA Support: Disabled
 Compressed Oops: Enabled (Zero based)
 Heap Region Size: 2M
 Heap Min Capacity: 8M
 Heap Initial Capacity: 256M
 Heap Max Capacity: 4078M
 Pre-touch: Disabled
 Parallel Workers: 10
 Concurrent Workers: 3
 Concurrent Refinement Workers: 10
 Periodic GC: Disabled

Heap:
 garbage-first heap   total 81920K, used 55668K [0x0000000701200000, 0x0000000800000000)
  region size 2048K, 21 young (43008K), 3 survivors (6144K)
 Metaspace       used 46371K, committed 46848K, reserved 1114112K
  class space    used 6200K, committed 6400K, reserved 1048576K

Heap Regions: E=young(eden), S=young(survivor), O=old, HS=humongous(starts), HC=humongous(continues), CS=collection set, F=free, OA=open archive, CA=closed archive, TAMS=top-at-mark-start (previous, next)
|   0|0x0000000701200000, 0x0000000701400000, 0x0000000701400000|100%| O|  |TAMS 0x0000000701400000, 0x0000000701200000| Untracked 
|   1|0x0000000701400000, 0x0000000701600000, 0x0000000701600000|100%| O|  |TAMS 0x0000000701600000, 0x0000000701400000| Untracked 
|   2|0x0000000701600000, 0x0000000701800000, 0x0000000701800000|100%| O|  |TAMS 0x0000000701800000, 0x0000000701600000| Untracked 
|   3|0x0000000701800000, 0x0000000701800000, 0x0000000701a00000|  0%| F|  |TAMS 0x0000000701800000, 0x0000000701800000| Untracked 
|   4|0x0000000701a00000, 0x0000000701c00000, 0x0000000701c00000|100%| O|  |TAMS 0x0000000701c00000, 0x0000000701a00000| Untracked 
|   5|0x0000000701c00000, 0x0000000701e00000, 0x0000000701e00000|100%| O|  |TAMS 0x0000000701e00000, 0x0000000701c00000| Untracked 
|   6|0x0000000701e00000, 0x0000000702000000, 0x0000000702000000|100%| O|  |TAMS 0x0000000702000000, 0x0000000701e00000| Untracked 
|   7|0x0000000702000000, 0x0000000702200000, 0x0000000702200000|100%| O|  |TAMS 0x0000000702200000, 0x0000000702000000| Untracked 
|   8|0x0000000702200000, 0x00000007022b8000, 0x0000000702400000| 35%| O|  |TAMS 0x00000007022b8000, 0x0000000702200000| Complete 
|   9|0x0000000702400000, 0x0000000702400000, 0x0000000702600000|  0%| F|  |TAMS 0x0000000702400000, 0x0000000702400000| Untracked 
|  10|0x0000000702600000, 0x0000000702600000, 0x0000000702800000|  0%| F|  |TAMS 0x0000000702600000, 0x0000000702600000| Untracked 
|  11|0x0000000702800000, 0x0000000702800000, 0x0000000702a00000|  0%| F|  |TAMS 0x0000000702800000, 0x0000000702800000| Untracked 
|  12|0x0000000702a00000, 0x0000000702a00000, 0x0000000702c00000|  0%| F|  |TAMS 0x0000000702a00000, 0x0000000702a00000| Untracked 
|  13|0x0000000702c00000, 0x0000000702c00000, 0x0000000702e00000|  0%| F|  |TAMS 0x0000000702c00000, 0x0000000702c00000| Untracked 
|  14|0x0000000702e00000, 0x0000000702e00000, 0x0000000703000000|  0%| F|  |TAMS 0x0000000702e00000, 0x0000000702e00000| Untracked 
|  15|0x0000000703000000, 0x0000000703000000, 0x0000000703200000|  0%| F|  |TAMS 0x0000000703000000, 0x0000000703000000| Untracked 
|  16|0x0000000703200000, 0x0000000703200000, 0x0000000703400000|  0%| F|  |TAMS 0x0000000703200000, 0x0000000703200000| Untracked 
|  17|0x0000000703400000, 0x0000000703400000, 0x0000000703600000|  0%| F|  |TAMS 0x0000000703400000, 0x0000000703400000| Untracked 
|  18|0x0000000703600000, 0x0000000703600000, 0x0000000703800000|  0%| F|  |TAMS 0x0000000703600000, 0x0000000703600000| Untracked 
|  19|0x0000000703800000, 0x0000000703900000, 0x0000000703a00000| 50%| E|  |TAMS 0x0000000703800000, 0x0000000703800000| Complete 
|  20|0x0000000703a00000, 0x0000000703c00000, 0x0000000703c00000|100%| E|CS|TAMS 0x0000000703a00000, 0x0000000703a00000| Complete 
|  21|0x0000000703c00000, 0x0000000703e00000, 0x0000000703e00000|100%| E|CS|TAMS 0x0000000703c00000, 0x0000000703c00000| Complete 
|  22|0x0000000703e00000, 0x0000000704000000, 0x0000000704000000|100%| E|CS|TAMS 0x0000000703e00000, 0x0000000703e00000| Complete 
|  23|0x0000000704000000, 0x0000000704200000, 0x0000000704200000|100%| E|CS|TAMS 0x0000000704000000, 0x0000000704000000| Complete 
|  24|0x0000000704200000, 0x0000000704400000, 0x0000000704400000|100%| E|CS|TAMS 0x0000000704200000, 0x0000000704200000| Complete 
|  25|0x0000000704400000, 0x0000000704600000, 0x0000000704600000|100%| E|CS|TAMS 0x0000000704400000, 0x0000000704400000| Complete 
|  26|0x0000000704600000, 0x0000000704800000, 0x0000000704800000|100%| E|CS|TAMS 0x0000000704600000, 0x0000000704600000| Complete 
|  27|0x0000000704800000, 0x0000000704a00000, 0x0000000704a00000|100%| E|CS|TAMS 0x0000000704800000, 0x0000000704800000| Complete 
|  28|0x0000000704a00000, 0x0000000704c00000, 0x0000000704c00000|100%| E|CS|TAMS 0x0000000704a00000, 0x0000000704a00000| Complete 
|  29|0x0000000704c00000, 0x0000000704e00000, 0x0000000704e00000|100%| E|CS|TAMS 0x0000000704c00000, 0x0000000704c00000| Complete 
|  30|0x0000000704e00000, 0x0000000705000000, 0x0000000705000000|100%| E|CS|TAMS 0x0000000704e00000, 0x0000000704e00000| Complete 
|  31|0x0000000705000000, 0x0000000705200000, 0x0000000705200000|100%| E|CS|TAMS 0x0000000705000000, 0x0000000705000000| Complete 
|  32|0x0000000705200000, 0x0000000705400000, 0x0000000705400000|100%| E|CS|TAMS 0x0000000705200000, 0x0000000705200000| Complete 
|  33|0x0000000705400000, 0x0000000705600000, 0x0000000705600000|100%| E|CS|TAMS 0x0000000705400000, 0x0000000705400000| Complete 
|  34|0x0000000705600000, 0x0000000705800000, 0x0000000705800000|100%| E|CS|TAMS 0x0000000705600000, 0x0000000705600000| Complete 
|  35|0x0000000705800000, 0x0000000705a00000, 0x0000000705a00000|100%| E|CS|TAMS 0x0000000705800000, 0x0000000705800000| Complete 
|  64|0x0000000709200000, 0x00000007093a5390, 0x0000000709400000| 82%| S|CS|TAMS 0x0000000709200000, 0x0000000709200000| Complete 
|  65|0x0000000709400000, 0x0000000709600000, 0x0000000709600000|100%| S|CS|TAMS 0x0000000709400000, 0x0000000709400000| Complete 
|  66|0x0000000709600000, 0x0000000709800000, 0x0000000709800000|100%| S|CS|TAMS 0x0000000709600000, 0x0000000709600000| Complete 
| 127|0x0000000711000000, 0x0000000711200000, 0x0000000711200000|100%| E|CS|TAMS 0x0000000711000000, 0x0000000711000000| Complete 

Card table byte_map: [0x00000266c2960000,0x00000266c3160000] _byte_map_base: 0x00000266bf157000

Marking Bits (Prev, Next): (CMBitMap*) 0x00000266a90cdf50, (CMBitMap*) 0x00000266a90cdf90
 Prev Bits: [0x00000266c3960000, 0x00000266c7918000)
 Next Bits: [0x00000266c7920000, 0x00000266cb8d8000)

Polling page: 0x00000266a9110000

Metaspace:

Usage:
  Non-class:     39.24 MB used.
      Class:      6.06 MB used.
       Both:     45.30 MB used.

Virtual space:
  Non-class space:       64.00 MB reserved,      39.50 MB ( 62%) committed,  1 nodes.
      Class space:        1.00 GB reserved,       6.25 MB ( <1%) committed,  1 nodes.
             Both:        1.06 GB reserved,      45.75 MB (  4%) committed. 

Chunk freelists:
   Non-Class:  8.34 MB
       Class:  9.62 MB
        Both:  17.97 MB

MaxMetaspaceSize: unlimited
CompressedClassSpaceSize: 1.00 GB
Initial GC threshold: 21.00 MB
Current GC threshold: 59.00 MB
CDS: on
MetaspaceReclaimPolicy: balanced
 - commit_granule_bytes: 65536.
 - commit_granule_words: 8192.
 - virtual_space_node_default_size: 8388608.
 - enlarge_chunks_in_place: 1.
 - new_chunks_are_fully_committed: 0.
 - uncommit_free_chunks: 1.
 - use_allocation_guard: 0.
 - handle_deallocations: 1.


Internal statistics:

num_allocs_failed_limit: 6.
num_arena_births: 652.
num_arena_deaths: 0.
num_vsnodes_births: 2.
num_vsnodes_deaths: 0.
num_space_committed: 732.
num_space_uncommitted: 0.
num_chunks_returned_to_freelist: 6.
num_chunks_taken_from_freelist: 2237.
num_chunk_merges: 0.
num_chunk_splits: 1551.
num_chunks_enlarged: 1200.
num_inconsistent_stats: 0.

CodeHeap 'non-profiled nmethods': size=120000Kb used=3412Kb max_used=3412Kb free=116587Kb
 bounds [0x00000266b9f90000, 0x00000266ba2f0000, 0x00000266c14c0000]
CodeHeap 'profiled nmethods': size=120000Kb used=9774Kb max_used=9774Kb free=110225Kb
 bounds [0x00000266b24c0000, 0x00000266b2e50000, 0x00000266b99f0000]
CodeHeap 'non-nmethods': size=5760Kb used=1280Kb max_used=1367Kb free=4479Kb
 bounds [0x00000266b99f0000, 0x00000266b9c60000, 0x00000266b9f90000]
 total_blobs=5282 nmethods=4687 adapters=507
 compilation: enabled
              stopped_count=0, restarted_count=0
 full_count=0

Compilation events (20 events):
Event: 4.380 Thread 0x00000266ce62dd50 4669       3       sun.security.provider.HashDrbg::addBytes (130 bytes)
Event: 4.380 Thread 0x00000266ce62dd50 nmethod 4669 0x00000266b2e3b990 code [0x00000266b2e3bb60, 0x00000266b2e3bef8]
Event: 4.380 Thread 0x00000266ce62dd50 4670       1       com.sun.crypto.provider.AESCrypt::getBlockSize (3 bytes)
Event: 4.380 Thread 0x00000266ce62dd50 nmethod 4670 0x00000266ba2d9810 code [0x00000266ba2d99a0, 0x00000266ba2d9a78]
Event: 4.387 Thread 0x00000266ce62dd50 4671       1       org.hibernate.models.internal.AbstractAnnotationDescriptor::getRepeatableContainer (5 bytes)
Event: 4.387 Thread 0x00000266ce62dd50 nmethod 4671 0x00000266ba2d9b10 code [0x00000266ba2d9ca0, 0x00000266ba2d9d78]
Event: 4.387 Thread 0x00000266ce62dd50 4672       1       java.lang.reflect.Field::getRoot (5 bytes)
Event: 4.387 Thread 0x00000266ce62dd50 nmethod 4672 0x00000266ba2d9e10 code [0x00000266ba2d9fa0, 0x00000266ba2da078]
Event: 4.387 Thread 0x00000266ce62dd50 4673       3       java.lang.reflect.Field::setFieldAccessor (34 bytes)
Event: 4.388 Thread 0x00000266ce62dd50 nmethod 4673 0x00000266b2e3c110 code [0x00000266b2e3c2e0, 0x00000266b2e3c728]
Event: 4.388 Thread 0x00000266ce62dd50 4676       1       org.hibernate.models.internal.BasicModelsContextImpl::getAnnotationDescriptorRegistry (5 bytes)
Event: 4.388 Thread 0x00000266ce62dd50 nmethod 4676 0x00000266ba2daa10 code [0x00000266ba2daba0, 0x00000266ba2dac78]
Event: 4.388 Thread 0x00000266ce62dd50 4677       3       java.lang.reflect.Modifier::isVolatile (13 bytes)
Event: 4.388 Thread 0x00000266ce62dd50 nmethod 4677 0x00000266b2e3c810 code [0x00000266b2e3c9a0, 0x00000266b2e3cad8]
Event: 4.389 Thread 0x00000266ce62dd50 4678       3       org.hibernate.models.internal.AbstractClassDetailsRegistry::resolveClassDetails (40 bytes)
Event: 4.389 Thread 0x00000266ce62dd50 nmethod 4678 0x00000266b2e3cb90 code [0x00000266b2e3cd80, 0x00000266b2e3d288]
Event: 4.389 Thread 0x00000266ce62dd50 4679       3       org.jboss.logging.Slf4jLocationAwareLogger::isEnabled (114 bytes)
Event: 4.389 Thread 0x00000266ce62dd50 nmethod 4679 0x00000266b2e3d410 code [0x00000266b2e3d6a0, 0x00000266b2e3dfb8]
Event: 4.389 Thread 0x00000266ce62dd50 4680       3       org.hibernate.boot.registry.classloading.internal.ClassLoaderServiceImpl::getAggregatedClassLoader (21 bytes)
Event: 4.389 Thread 0x00000266ce62dd50 nmethod 4680 0x00000266b2e3e390 code [0x00000266b2e3e540, 0x00000266b2e3e748]

GC Heap History (16 events):
Event: 0.518 GC heap before
{Heap before GC invocations=0 (full 0):
 garbage-first heap   total 262144K, used 20480K [0x0000000701200000, 0x0000000800000000)
  region size 2048K, 11 young (22528K), 0 survivors (0K)
 Metaspace       used 5377K, committed 5568K, reserved 1114112K
  class space    used 616K, committed 704K, reserved 1048576K
}
Event: 0.521 GC heap after
{Heap after GC invocations=1 (full 0):
 garbage-first heap   total 262144K, used 7350K [0x0000000701200000, 0x0000000800000000)
  region size 2048K, 2 young (4096K), 2 survivors (4096K)
 Metaspace       used 5377K, committed 5568K, reserved 1114112K
  class space    used 616K, committed 704K, reserved 1048576K
}
Event: 0.954 GC heap before
{Heap before GC invocations=1 (full 0):
 garbage-first heap   total 262144K, used 33974K [0x0000000701200000, 0x0000000800000000)
  region size 2048K, 15 young (30720K), 2 survivors (4096K)
 Metaspace       used 12197K, committed 12544K, reserved 1114112K
  class space    used 1590K, committed 1728K, reserved 1048576K
}
Event: 0.958 GC heap after
{Heap after GC invocations=2 (full 0):
 garbage-first heap   total 262144K, used 9529K [0x0000000701200000, 0x0000000800000000)
  region size 2048K, 2 young (4096K), 2 survivors (4096K)
 Metaspace       used 12197K, committed 12544K, reserved 1114112K
  class space    used 1590K, committed 1728K, reserved 1048576K
}
Event: 1.267 GC heap before
{Heap before GC invocations=2 (full 0):
 garbage-first heap   total 262144K, used 50489K [0x0000000701200000, 0x0000000800000000)
  region size 2048K, 23 young (47104K), 2 survivors (4096K)
 Metaspace       used 21202K, committed 21568K, reserved 1114112K
  class space    used 2750K, committed 2880K, reserved 1048576K
}
Event: 1.271 GC heap after
{Heap after GC invocations=3 (full 0):
 garbage-first heap   total 262144K, used 12936K [0x0000000701200000, 0x0000000800000000)
  region size 2048K, 3 young (6144K), 3 survivors (6144K)
 Metaspace       used 21202K, committed 21568K, reserved 1114112K
  class space    used 2750K, committed 2880K, reserved 1048576K
}
Event: 1.640 GC heap before
{Heap before GC invocations=4 (full 0):
 garbage-first heap   total 55296K, used 39560K [0x0000000701200000, 0x0000000800000000)
  region size 2048K, 16 young (32768K), 3 survivors (6144K)
 Metaspace       used 24420K, committed 24832K, reserved 1114112K
  class space    used 3163K, committed 3392K, reserved 1048576K
}
Event: 1.647 GC heap after
{Heap after GC invocations=5 (full 0):
 garbage-first heap   total 55296K, used 15095K [0x0000000701200000, 0x0000000800000000)
  region size 2048K, 2 young (4096K), 2 survivors (4096K)
 Metaspace       used 24420K, committed 24832K, reserved 1114112K
  class space    used 3163K, committed 3392K, reserved 1048576K
}
Event: 1.687 GC heap before
{Heap before GC invocations=5 (full 0):
 garbage-first heap   total 55296K, used 17143K [0x0000000701200000, 0x0000000800000000)
  region size 2048K, 3 young (6144K), 2 survivors (4096K)
 Metaspace       used 24726K, committed 25152K, reserved 1114112K
  class space    used 3202K, committed 3392K, reserved 1048576K
}
Event: 1.692 GC heap after
{Heap after GC invocations=6 (full 0):
 garbage-first heap   total 55296K, used 15642K [0x0000000701200000, 0x0000000800000000)
  region size 2048K, 1 young (2048K), 1 survivors (2048K)
 Metaspace       used 24726K, committed 25152K, reserved 1114112K
  class space    used 3202K, committed 3392K, reserved 1048576K
}
Event: 2.084 GC heap before
{Heap before GC invocations=6 (full 0):
 garbage-first heap   total 55296K, used 34074K [0x0000000701200000, 0x0000000800000000)
  region size 2048K, 10 young (20480K), 1 survivors (2048K)
 Metaspace       used 27895K, committed 28288K, reserved 1114112K
  class space    used 3642K, committed 3840K, reserved 1048576K
}
Event: 2.089 GC heap after
{Heap after GC invocations=7 (full 0):
 garbage-first heap   total 55296K, used 16769K [0x0000000701200000, 0x0000000800000000)
  region size 2048K, 1 young (2048K), 1 survivors (2048K)
 Metaspace       used 27895K, committed 28288K, reserved 1114112K
  class space    used 3642K, committed 3840K, reserved 1048576K
}
Event: 2.415 GC heap before
{Heap before GC invocations=7 (full 0):
 garbage-first heap   total 55296K, used 37249K [0x0000000701200000, 0x0000000800000000)
  region size 2048K, 11 young (22528K), 1 survivors (2048K)
 Metaspace       used 30747K, committed 31232K, reserved 1114112K
  class space    used 4081K, committed 4288K, reserved 1048576K
}
Event: 2.420 GC heap after
{Heap after GC invocations=8 (full 0):
 garbage-first heap   total 159744K, used 18885K [0x0000000701200000, 0x0000000800000000)
  region size 2048K, 2 young (4096K), 2 survivors (4096K)
 Metaspace       used 30747K, committed 31232K, reserved 1114112K
  class space    used 4081K, committed 4288K, reserved 1048576K
}
Event: 2.923 GC heap before
{Heap before GC invocations=8 (full 0):
 garbage-first heap   total 159744K, used 39365K [0x0000000701200000, 0x0000000800000000)
  region size 2048K, 13 young (26624K), 2 survivors (4096K)
 Metaspace       used 35517K, committed 35968K, reserved 1114112K
  class space    used 4635K, committed 4864K, reserved 1048576K
}
Event: 2.926 GC heap after
{Heap after GC invocations=9 (full 0):
 garbage-first heap   total 159744K, used 20852K [0x0000000701200000, 0x0000000800000000)
  region size 2048K, 3 young (6144K), 3 survivors (6144K)
 Metaspace       used 35517K, committed 35968K, reserved 1114112K
  class space    used 4635K, committed 4864K, reserved 1048576K
}

Dll operation events (12 events):
Event: 0.005 Loaded shared library C:\Users\jorge\.jdks\ms-17.0.18\bin\java.dll
Event: 0.019 Loaded shared library C:\Users\jorge\.jdks\ms-17.0.18\bin\jsvml.dll
Event: 0.102 Loaded shared library C:\Users\jorge\.jdks\ms-17.0.18\bin\zip.dll
Event: 0.103 Loaded shared library C:\Users\jorge\.jdks\ms-17.0.18\bin\instrument.dll
Event: 0.108 Loaded shared library C:\Users\jorge\.jdks\ms-17.0.18\bin\net.dll
Event: 0.110 Loaded shared library C:\Users\jorge\.jdks\ms-17.0.18\bin\nio.dll
Event: 0.111 Loaded shared library C:\Users\jorge\.jdks\ms-17.0.18\bin\zip.dll
Event: 0.191 Loaded shared library C:\Users\jorge\.jdks\ms-17.0.18\bin\extnet.dll
Event: 0.209 Loaded shared library C:\Users\jorge\.jdks\ms-17.0.18\bin\jimage.dll
Event: 1.264 Loaded shared library C:\Users\jorge\.jdks\ms-17.0.18\bin\sunmscapi.dll
Event: 2.523 Loaded shared library C:\Users\jorge\.jdks\ms-17.0.18\bin\management.dll
Event: 2.524 Loaded shared library C:\Users\jorge\.jdks\ms-17.0.18\bin\management_ext.dll

Deoptimization events (20 events):
Event: 3.988 Thread 0x00000266a9060e50 Uncommon trap: trap_request=0xffffffc6 fr.pc=0x00000266ba218138 relative=0x0000000000006738
Event: 3.988 Thread 0x00000266a9060e50 Uncommon trap: reason=bimorphic_or_optimized_type_check action=maybe_recompile pc=0x00000266ba218138 method=org.springframework.core.annotation.AnnotationsScanner.processClassInheritedAnnotations(Ljava/lang/Object;Ljava/lang/Class;Lorg/springframework/cor
Event: 3.988 Thread 0x00000266a9060e50 DEOPT PACKING pc=0x00000266ba218138 sp=0x000000c62ebfd840
Event: 3.988 Thread 0x00000266a9060e50 DEOPT UNPACKING pc=0x00000266b9a469a3 sp=0x000000c62ebfd708 mode 2
Event: 3.988 Thread 0x00000266a9060e50 Uncommon trap: trap_request=0xffffffc6 fr.pc=0x00000266ba250738 relative=0x00000000000053f8
Event: 3.989 Thread 0x00000266a9060e50 Uncommon trap: reason=bimorphic_or_optimized_type_check action=maybe_recompile pc=0x00000266ba250738 method=org.springframework.core.annotation.AnnotationsScanner.processClassInheritedAnnotations(Ljava/lang/Object;Ljava/lang/Class;Lorg/springframework/cor
Event: 3.989 Thread 0x00000266a9060e50 DEOPT PACKING pc=0x00000266ba250738 sp=0x000000c62ebfd7c0
Event: 3.989 Thread 0x00000266a9060e50 DEOPT UNPACKING pc=0x00000266b9a469a3 sp=0x000000c62ebfd710 mode 2
Event: 4.029 Thread 0x00000266a9060e50 Uncommon trap: trap_request=0xfffffff4 fr.pc=0x00000266ba128504 relative=0x00000000000007a4
Event: 4.029 Thread 0x00000266a9060e50 Uncommon trap: reason=null_check action=make_not_entrant pc=0x00000266ba128504 method=org.springframework.beans.factory.support.DefaultListableBeanFactory.getBeanDefinition(Ljava/lang/String;)Lorg/springframework/beans/factory/config/BeanDefinition; @ 10 
Event: 4.029 Thread 0x00000266a9060e50 DEOPT PACKING pc=0x00000266ba128504 sp=0x000000c62ebfcdd0
Event: 4.029 Thread 0x00000266a9060e50 DEOPT UNPACKING pc=0x00000266b9a469a3 sp=0x000000c62ebfcd08 mode 2
Event: 4.165 Thread 0x00000266a9060e50 Uncommon trap: trap_request=0xffffff45 fr.pc=0x00000266ba12f900 relative=0x0000000000000240
Event: 4.165 Thread 0x00000266a9060e50 Uncommon trap: reason=unstable_if action=reinterpret pc=0x00000266ba12f900 method=org.springframework.beans.factory.support.AbstractAutowireCapableBeanFactory.determineTargetType(Ljava/lang/String;Lorg/springframework/beans/factory/support/RootBeanDefinit
Event: 4.165 Thread 0x00000266a9060e50 DEOPT PACKING pc=0x00000266ba12f900 sp=0x000000c62ebfdde0
Event: 4.165 Thread 0x00000266a9060e50 DEOPT UNPACKING pc=0x00000266b9a469a3 sp=0x000000c62ebfddb8 mode 2
Event: 4.173 Thread 0x00000266a9060e50 Uncommon trap: trap_request=0xffffff45 fr.pc=0x00000266ba0de68c relative=0x00000000000000ec
Event: 4.173 Thread 0x00000266a9060e50 Uncommon trap: reason=unstable_if action=reinterpret pc=0x00000266ba0de68c method=java.lang.ClassLoader.getClassLoadingLock(Ljava/lang/String;)Ljava/lang/Object; @ 6 c2
Event: 4.173 Thread 0x00000266a9060e50 DEOPT PACKING pc=0x00000266ba0de68c sp=0x000000c62ebfd780
Event: 4.173 Thread 0x00000266a9060e50 DEOPT UNPACKING pc=0x00000266b9a469a3 sp=0x000000c62ebfd720 mode 2

Classes loaded (20 events):
Event: 3.363 Loading class java/time/chrono/IsoEra
Event: 3.363 Loading class java/time/chrono/Era
Event: 3.363 Loading class java/time/chrono/Era done
Event: 3.363 Loading class java/time/chrono/IsoEra done
Event: 3.363 Loading class java/time/Instant$1
Event: 3.363 Loading class java/time/Instant$1 done
Event: 3.431 Loading class jdk/internal/ref/CleanerImpl$InnocuousThreadFactory
Event: 3.431 Loading class jdk/internal/ref/CleanerImpl$InnocuousThreadFactory done
Event: 3.434 Loading class java/util/TimerTask
Event: 3.434 Loading class java/util/TimerTask done
Event: 3.558 Loading class java/util/concurrent/ThreadPoolExecutor$CallerRunsPolicy
Event: 3.558 Loading class java/util/concurrent/ThreadPoolExecutor$CallerRunsPolicy done
Event: 3.995 Loading class javax/naming/Referenceable
Event: 3.995 Loading class javax/naming/Referenceable done
Event: 4.059 Loading class java/lang/instrument/ClassFileTransformer
Event: 4.059 Loading class java/lang/instrument/ClassFileTransformer done
Event: 4.322 Loading class jdk/internal/reflect/UnsafeQualifiedStaticObjectFieldAccessorImpl
Event: 4.322 Loading class jdk/internal/reflect/UnsafeQualifiedStaticFieldAccessorImpl
Event: 4.322 Loading class jdk/internal/reflect/UnsafeQualifiedStaticFieldAccessorImpl done
Event: 4.322 Loading class jdk/internal/reflect/UnsafeQualifiedStaticObjectFieldAccessorImpl done

Classes unloaded (0 events):
No events

Classes redefined (0 events):
No events

Internal exceptions (20 events):
Event: 2.667 Thread 0x00000266a9060e50 Exception <a 'java/lang/NoSuchMethodError'{0x000000070a19d878}: 'void java.lang.invoke.DirectMethodHandle$Holder.invokeVirtual(java.lang.Object, java.lang.Object, long)'> (0x000000070a19d878) 
thrown [s\src\hotspot\share\interpreter\linkResolver.cpp, line 759]
Event: 2.700 Thread 0x00000266a9060e50 Implicit null exception at 0x00000266ba1d6cd4 to 0x00000266ba1d726c
Event: 2.714 Thread 0x00000266a9060e50 Exception <a 'java/lang/NoSuchMethodError'{0x0000000709a93958}: 'void java.lang.invoke.DirectMethodHandle$Holder.invokeStatic(java.lang.Object, java.lang.Object, int)'> (0x0000000709a93958) 
thrown [s\src\hotspot\share\interpreter\linkResolver.cpp, line 759]
Event: 2.739 Thread 0x00000266a9060e50 Exception <a 'java/lang/NoSuchMethodError'{0x0000000709b646c8}: 'java.lang.Object java.lang.invoke.DirectMethodHandle$Holder.invokeVirtual(java.lang.Object, java.lang.Object, java.lang.Object, java.lang.Object)'> (0x0000000709b646c8) 
thrown [s\src\hotspot\share\interpreter\linkResolver.cpp, line 759]
Event: 2.758 Thread 0x00000266a9060e50 Exception <a 'java/lang/NoSuchMethodError'{0x00000007098060b8}: 'int java.lang.invoke.DirectMethodHandle$Holder.invokeStaticInit(java.lang.Object, java.lang.Object, java.lang.Object, java.lang.Object)'> (0x00000007098060b8) 
thrown [s\src\hotspot\share\interpreter\linkResolver.cpp, line 759]
Event: 2.836 Thread 0x00000266a9060e50 Exception <a 'java/lang/NoSuchMethodError'{0x00000007098f3418}: 'long java.lang.invoke.DirectMethodHandle$Holder.invokeStatic(java.lang.Object)'> (0x00000007098f3418) 
thrown [s\src\hotspot\share\interpreter\linkResolver.cpp, line 759]
Event: 2.903 Thread 0x00000266a9060e50 Exception <a 'sun/nio/fs/WindowsException'{0x0000000709922028}> (0x0000000709922028) 
thrown [s\src\hotspot\share\prims\jni.cpp, line 516]
Event: 3.097 Thread 0x00000266a9060e50 Exception <a 'sun/nio/fs/WindowsException'{0x00000007058222b0}> (0x00000007058222b0) 
thrown [s\src\hotspot\share\prims\jni.cpp, line 516]
Event: 3.097 Thread 0x00000266a9060e50 Exception <a 'sun/nio/fs/WindowsException'{0x0000000705822a40}> (0x0000000705822a40) 
thrown [s\src\hotspot\share\prims\jni.cpp, line 516]
Event: 3.188 Thread 0x00000266a9060e50 Exception <a 'java/lang/NoSuchMethodError'{0x0000000705963080}: 'int java.lang.invoke.DirectMethodHandle$Holder.invokeInterface(java.lang.Object, java.lang.Object, int)'> (0x0000000705963080) 
thrown [s\src\hotspot\share\interpreter\linkResolver.cpp, line 759]
Event: 3.188 Thread 0x00000266a9060e50 Exception <a 'java/lang/IncompatibleClassChangeError'{0x0000000705966908}: Found class java.lang.Object, but interface was expected> (0x0000000705966908) 
thrown [s\src\hotspot\share\interpreter\linkResolver.cpp, line 826]
Event: 3.344 Thread 0x00000266a9060e50 Implicit null exception at 0x00000266ba263740 to 0x00000266ba264013
Event: 3.364 Thread 0x00000266a9060e50 Implicit null exception at 0x00000266ba2597ec to 0x00000266ba25989c
Event: 3.783 Thread 0x0000026717c51350 Implicit null exception at 0x00000266ba2670a0 to 0x00000266ba2671f8
Event: 3.853 Thread 0x0000026717c51350 Exception <a 'sun/nio/fs/WindowsException'{0x0000000705249158}> (0x0000000705249158) 
thrown [s\src\hotspot\share\prims\jni.cpp, line 516]
Event: 3.853 Thread 0x0000026717c51350 Exception <a 'sun/nio/fs/WindowsException'{0x0000000705249660}> (0x0000000705249660) 
thrown [s\src\hotspot\share\prims\jni.cpp, line 516]
Event: 3.971 Thread 0x00000266a9060e50 Exception <a 'java/lang/NoSuchMethodError'{0x00000007055830a8}: 'java.lang.Object java.lang.invoke.DirectMethodHandle$Holder.invokeStaticInit(java.lang.Object, java.lang.Object, java.lang.Object, java.lang.Object)'> (0x00000007055830a8) 
thrown [s\src\hotspot\share\interpreter\linkResolver.cpp, line 759]
Event: 4.029 Thread 0x00000266a9060e50 Implicit null exception at 0x00000266ba1281a0 to 0x00000266ba1284f4
Event: 4.315 Thread 0x0000026717c51350 Exception <a 'sun/nio/fs/WindowsException'{0x0000000703f059b0}> (0x0000000703f059b0) 
thrown [s\src\hotspot\share\prims\jni.cpp, line 516]
Event: 4.315 Thread 0x0000026717c51350 Exception <a 'sun/nio/fs/WindowsException'{0x0000000703f05e98}> (0x0000000703f05e98) 
thrown [s\src\hotspot\share\prims\jni.cpp, line 516]

VM Operations (20 events):
Event: 2.645 Executing VM operation: HandshakeAllThreads
Event: 2.645 Executing VM operation: HandshakeAllThreads done
Event: 2.904 Executing VM operation: HandshakeAllThreads
Event: 2.904 Executing VM operation: HandshakeAllThreads done
Event: 2.907 Executing VM operation: HandshakeAllThreads
Event: 2.907 Executing VM operation: HandshakeAllThreads done
Event: 2.923 Executing VM operation: CollectForMetadataAllocation
Event: 2.926 Executing VM operation: CollectForMetadataAllocation done
Event: 2.937 Executing VM operation: G1PauseRemark
Event: 2.938 Executing VM operation: G1PauseRemark done
Event: 2.940 Executing VM operation: HandshakeAllThreads
Event: 2.940 Executing VM operation: HandshakeAllThreads done
Event: 2.942 Executing VM operation: G1PauseCleanup
Event: 2.943 Executing VM operation: G1PauseCleanup done
Event: 3.081 Executing VM operation: HandshakeAllThreads
Event: 3.081 Executing VM operation: HandshakeAllThreads done
Event: 3.186 Executing VM operation: HandshakeAllThreads
Event: 3.186 Executing VM operation: HandshakeAllThreads done
Event: 4.187 Executing VM operation: Cleanup
Event: 4.187 Executing VM operation: Cleanup done

Memory protections (0 events):
No events

Nmethod flushes (0 events):
No events

Events (20 events):
Event: 0.027 Thread 0x00000266a9060e50 Thread added: 0x00000266ce625290
Event: 0.027 Thread 0x00000266a9060e50 Thread added: 0x00000266ce62dd50
Event: 0.027 Thread 0x00000266a9060e50 Thread added: 0x00000266ce6314a0
Event: 0.082 Thread 0x00000266a9060e50 Thread added: 0x00000266ce5f5b80
Event: 0.135 Thread 0x00000266ce62dd50 Thread added: 0x00000266ce940720
Event: 0.183 Thread 0x00000266a9060e50 Thread added: 0x00000266ce93f560
Event: 0.183 Thread 0x00000266a9060e50 Thread added: 0x00000266ce93fa40
Event: 0.853 Thread 0x00000266a9060e50 Thread added: 0x0000026715af4030
Event: 1.085 Thread 0x00000266ce62dd50 Thread added: 0x0000026715502f30
Event: 1.187 Thread 0x00000266a9060e50 Thread added: 0x0000026715c43d20
Event: 1.214 Thread 0x0000026715c43d20 Thread exited: 0x0000026715c43d20
Event: 1.319 Thread 0x0000026715af4030 Thread exited: 0x0000026715af4030
Event: 2.650 Thread 0x00000266a9060e50 Thread added: 0x000002671754d6e0
Event: 2.651 Thread 0x000002671754d6e0 Thread added: 0x0000026718229850
Event: 2.654 Thread 0x00000266a9060e50 Thread added: 0x0000026717c4fa00
Event: 3.431 Thread 0x00000266a9060e50 Thread added: 0x0000026717c50930
Event: 3.557 Thread 0x00000266a9060e50 Thread added: 0x0000026717c50e40
Event: 3.668 Thread 0x0000026717c50e40 Thread added: 0x0000026717c51350
Event: 3.722 Thread 0x0000026715502f30 Thread exited: 0x0000026715502f30
Event: 3.981 Thread 0x00000266ce62dd50 Thread added: 0x0000026715502f30


Dynamic libraries:
0x00007ff7bfb00000 - 0x00007ff7bfb0e000 	C:\Users\jorge\.jdks\ms-17.0.18\bin\java.exe
0x00007ffddef90000 - 0x00007ffddf188000 	C:\WINDOWS\SYSTEM32\ntdll.dll
0x00007ffdde3c0000 - 0x00007ffdde482000 	C:\WINDOWS\System32\KERNEL32.DLL
0x00007ffddcc00000 - 0x00007ffddcef6000 	C:\WINDOWS\System32\KERNELBASE.dll
0x00007ffddc9e0000 - 0x00007ffddcae0000 	C:\WINDOWS\System32\ucrtbase.dll
0x00007ffdc30b0000 - 0x00007ffdc30ce000 	C:\Users\jorge\.jdks\ms-17.0.18\bin\VCRUNTIME140.dll
0x00007ffdc3090000 - 0x00007ffdc30a8000 	C:\Users\jorge\.jdks\ms-17.0.18\bin\jli.dll
0x00007ffdddf50000 - 0x00007ffdde0f1000 	C:\WINDOWS\System32\USER32.dll
0x00007ffddc790000 - 0x00007ffddc7b2000 	C:\WINDOWS\System32\win32u.dll
0x00007ffddbab0000 - 0x00007ffddbd4b000 	C:\WINDOWS\WinSxS\amd64_microsoft.windows.common-controls_6595b64144ccf1df_6.0.19041.6456_none_60b8a6cb71f64256\COMCTL32.dll
0x00007ffdddde0000 - 0x00007ffddde0b000 	C:\WINDOWS\System32\GDI32.dll
0x00007ffddee00000 - 0x00007ffddee9e000 	C:\WINDOWS\System32\msvcrt.dll
0x00007ffddc620000 - 0x00007ffddc739000 	C:\WINDOWS\System32\gdi32full.dll
0x00007ffddcae0000 - 0x00007ffddcb7d000 	C:\WINDOWS\System32\msvcp_win.dll
0x00007ffddd430000 - 0x00007ffddd45f000 	C:\WINDOWS\System32\IMM32.DLL
0x00007ffdd39d0000 - 0x00007ffdd39dc000 	C:\Users\jorge\.jdks\ms-17.0.18\bin\vcruntime140_1.dll
0x00007ffdbe450000 - 0x00007ffdbe4d9000 	C:\Users\jorge\.jdks\ms-17.0.18\bin\msvcp140.dll
0x00007ffd94520000 - 0x00007ffd9519a000 	C:\Users\jorge\.jdks\ms-17.0.18\bin\server\jvm.dll
0x00007ffdde160000 - 0x00007ffdde211000 	C:\WINDOWS\System32\ADVAPI32.dll
0x00007ffddd040000 - 0x00007ffddd0df000 	C:\WINDOWS\System32\sechost.dll
0x00007ffddece0000 - 0x00007ffddee00000 	C:\WINDOWS\System32\RPCRT4.dll
0x00007ffddc850000 - 0x00007ffddc877000 	C:\WINDOWS\System32\bcrypt.dll
0x00007ffddec70000 - 0x00007ffddecdb000 	C:\WINDOWS\System32\WS2_32.dll
0x00007ffddc190000 - 0x00007ffddc1db000 	C:\WINDOWS\SYSTEM32\POWRPROF.dll
0x00007ffdcb120000 - 0x00007ffdcb147000 	C:\WINDOWS\SYSTEM32\WINMM.dll
0x00007ffdd96b0000 - 0x00007ffdd96ba000 	C:\WINDOWS\SYSTEM32\VERSION.dll
0x00007ffddbd50000 - 0x00007ffddbd62000 	C:\WINDOWS\SYSTEM32\UMPDC.dll
0x00007ffdda700000 - 0x00007ffdda712000 	C:\WINDOWS\SYSTEM32\kernel.appcore.dll
0x00007ffdd3860000 - 0x00007ffdd386a000 	C:\Users\jorge\.jdks\ms-17.0.18\bin\jimage.dll
0x00007ffddbf80000 - 0x00007ffddc181000 	C:\WINDOWS\SYSTEM32\DBGHELP.DLL
0x00007ffddbf40000 - 0x00007ffddbf74000 	C:\WINDOWS\SYSTEM32\dbgcore.DLL
0x00007ffddc7c0000 - 0x00007ffddc842000 	C:\WINDOWS\System32\bcryptPrimitives.dll
0x00007ffdc23f0000 - 0x00007ffdc23ff000 	C:\Users\jorge\.jdks\ms-17.0.18\bin\instrument.dll
0x00007ffdbe630000 - 0x00007ffdbe656000 	C:\Users\jorge\.jdks\ms-17.0.18\bin\java.dll
0x00007ffdad610000 - 0x00007ffdad6e6000 	C:\Users\jorge\.jdks\ms-17.0.18\bin\jsvml.dll
0x00007ffddd4c0000 - 0x00007ffdddc30000 	C:\WINDOWS\System32\SHELL32.dll
0x00007ffdd9940000 - 0x00007ffdda0e5000 	C:\WINDOWS\SYSTEM32\windows.storage.dll
0x00007ffdde900000 - 0x00007ffddec54000 	C:\WINDOWS\System32\combase.dll
0x00007ffddb840000 - 0x00007ffddb86b000 	C:\WINDOWS\SYSTEM32\Wldp.dll
0x00007ffddd2c0000 - 0x00007ffddd38d000 	C:\WINDOWS\System32\OLEAUT32.dll
0x00007ffddd210000 - 0x00007ffddd2bd000 	C:\WINDOWS\System32\SHCORE.dll
0x00007ffdde100000 - 0x00007ffdde15b000 	C:\WINDOWS\System32\shlwapi.dll
0x00007ffddc550000 - 0x00007ffddc574000 	C:\WINDOWS\SYSTEM32\profapi.dll
0x00007ffdc1160000 - 0x00007ffdc1178000 	C:\Users\jorge\.jdks\ms-17.0.18\bin\zip.dll
0x00007ffdc04d0000 - 0x00007ffdc04eb000 	C:\Users\jorge\.jdks\ms-17.0.18\bin\net.dll
0x00007ffdd7fd0000 - 0x00007ffdd80da000 	C:\WINDOWS\SYSTEM32\WINHTTP.dll
0x00007ffddb620000 - 0x00007ffddb68a000 	C:\WINDOWS\system32\mswsock.dll
0x00007ffdc0260000 - 0x00007ffdc0276000 	C:\Users\jorge\.jdks\ms-17.0.18\bin\nio.dll
0x00007ffdc1c10000 - 0x00007ffdc1c19000 	C:\Users\jorge\.jdks\ms-17.0.18\bin\extnet.dll
0x00007ffdbe610000 - 0x00007ffdbe61e000 	C:\Users\jorge\.jdks\ms-17.0.18\bin\sunmscapi.dll
0x00007ffddc880000 - 0x00007ffddc9dd000 	C:\WINDOWS\System32\CRYPT32.dll
0x00007ffddb990000 - 0x00007ffddb9b7000 	C:\WINDOWS\SYSTEM32\ncrypt.dll
0x00007ffddb950000 - 0x00007ffddb98b000 	C:\WINDOWS\SYSTEM32\NTASN1.dll
0x00007ffddc390000 - 0x00007ffddc3a8000 	C:\WINDOWS\SYSTEM32\CRYPTSP.dll
0x00007ffddafc0000 - 0x00007ffddaff8000 	C:\WINDOWS\system32\rsaenh.dll
0x00007ffddc510000 - 0x00007ffddc53e000 	C:\WINDOWS\SYSTEM32\USERENV.dll
0x00007ffddb7b0000 - 0x00007ffddb7bc000 	C:\WINDOWS\SYSTEM32\CRYPTBASE.dll
0x00007ffddb320000 - 0x00007ffddb35b000 	C:\WINDOWS\SYSTEM32\IPHLPAPI.DLL
0x00007ffddec60000 - 0x00007ffddec68000 	C:\WINDOWS\System32\NSI.dll
0x00007ffdd6160000 - 0x00007ffdd6177000 	C:\WINDOWS\SYSTEM32\dhcpcsvc6.DLL
0x00007ffdd6110000 - 0x00007ffdd612d000 	C:\WINDOWS\SYSTEM32\dhcpcsvc.DLL
0x00007ffddb360000 - 0x00007ffddb42a000 	C:\WINDOWS\SYSTEM32\DNSAPI.dll
0x00007ffdbe600000 - 0x00007ffdbe60a000 	C:\Users\jorge\.jdks\ms-17.0.18\bin\management.dll
0x00007ffdbe5f0000 - 0x00007ffdbe5fc000 	C:\Users\jorge\.jdks\ms-17.0.18\bin\management_ext.dll
0x00007ffddcfb0000 - 0x00007ffddcfb8000 	C:\WINDOWS\System32\PSAPI.DLL
0x00000000748d0000 - 0x00000000748f6000 	C:\Program Files\Bonjour\mdnsNSP.dll
0x00007ffdd25a0000 - 0x00007ffdd25aa000 	C:\Windows\System32\rasadhlp.dll
0x00007ffdcca90000 - 0x00007ffdccb10000 	C:\WINDOWS\System32\fwpuclnt.dll

dbghelp: loaded successfully - version: 4.0.5 - missing functions: none
symbol engine: initialized successfully - sym options: 0x614 - pdb path: .;C:\Users\jorge\.jdks\ms-17.0.18\bin;C:\WINDOWS\SYSTEM32;C:\WINDOWS\WinSxS\amd64_microsoft.windows.common-controls_6595b64144ccf1df_6.0.19041.6456_none_60b8a6cb71f64256;C:\Users\jorge\.jdks\ms-17.0.18\bin\server;C:\Program Files\Bonjour

VM Arguments:
jvm_args: -javaagent:C:\Program Files\JetBrains\IntelliJ IDEA Community Edition 2025.1.1.1\lib\idea_rt.jar=60586 -Dfile.encoding=UTF-8 
java_command: com.duoc.banco_central_xyz.BancoCentralXyzApplication
java_class_path (initial): C:\Users\jorge\OneDrive\Desktop\Backend III\Semana 4\Banco-central\banco-central-xyz\target\classes;C:\Users\jorge\.m2\repository\org\springframework\boot\spring-boot-starter-data-jpa\4.1.1\spring-boot-starter-data-jpa-4.1.1.jar;C:\Users\jorge\.m2\repository\org\springframework\boot\spring-boot-starter\4.1.1\spring-boot-starter-4.1.1.jar;C:\Users\jorge\.m2\repository\org\springframework\boot\spring-boot-starter-logging\4.1.1\spring-boot-starter-logging-4.1.1.jar;C:\Users\jorge\.m2\repository\ch\qos\logback\logback-classic\1.5.38\logback-classic-1.5.38.jar;C:\Users\jorge\.m2\repository\ch\qos\logback\logback-core\1.5.38\logback-core-1.5.38.jar;C:\Users\jorge\.m2\repository\org\apache\logging\log4j\log4j-to-slf4j\2.25.5\log4j-to-slf4j-2.25.5.jar;C:\Users\jorge\.m2\repository\org\apache\logging\log4j\log4j-api\2.25.5\log4j-api-2.25.5.jar;C:\Users\jorge\.m2\repository\org\slf4j\jul-to-slf4j\2.0.18\jul-to-slf4j-2.0.18.jar;C:\Users\jorge\.m2\repository\org\springframework\boot\spring-boot-autoconfigure\4.1.1\spring-boot-autoconfigure-4.1.1.jar;C:\Users\jorge\.m2\repository\jakarta\annotation\jakarta.annotation-api\3.0.0\jakarta.annotation-api-3.0.0.jar;C:\Users\jorge\.m2\repository\org\yaml\snakeyaml\2.6\snakeyaml-2.6.jar;C:\Users\jorge\.m2\repository\org\springframework\boot\spring-boot-starter-jdbc\4.1.1\spring-boot-starter-jdbc-4.1.1.jar;C:\Users\jorge\.m2\repository\com\zaxxer\HikariCP\7.0.2\HikariCP-7.0.2.jar;C:\Users\jorge\.m2\repository\org\slf4j\slf4j-api\2.0.18\slf4j-api-2.0.18.jar;C:\Users\jorge\.m2\repository\org\springframework\boot\spring-boot-data-jpa\4.1.1\spring-boot-data-jpa-4.1.1.jar;C:\Users\jorge\.m2\repository\org\springframework\boot\spring-boot-data-commons\4.1.1\spring-boot-data-commons-4.1.1.jar;C:\Users\jorge\.m2\repository\org\springframework\boot\spring-boot-persistence\4.1.1\spring-boot-persistence-4.1.1.jar;C:\Users\jorge\.m2\repository\org\springframework\data\spring-data-commons\4.1.1\spring-data-commons-4.1.1.j
Launcher Type: SUN_STANDARD

[Global flags]
     intx CICompilerCount                          = 4                                         {product} {ergonomic}
     uint ConcGCThreads                            = 3                                         {product} {ergonomic}
     uint G1ConcRefinementThreads                  = 10                                        {product} {ergonomic}
   size_t G1HeapRegionSize                         = 2097152                                   {product} {ergonomic}
    uintx GCDrainStackTargetSize                   = 64                                        {product} {ergonomic}
   size_t InitialHeapSize                          = 268435456                                 {product} {ergonomic}
   size_t MarkStackSize                            = 4194304                                   {product} {ergonomic}
   size_t MaxHeapSize                              = 4276092928                                {product} {ergonomic}
   size_t MaxNewSize                               = 2564816896                                {product} {ergonomic}
   size_t MinHeapDeltaBytes                        = 2097152                                   {product} {ergonomic}
   size_t MinHeapSize                              = 8388608                                   {product} {ergonomic}
    uintx NonNMethodCodeHeapSize                   = 5839372                                {pd product} {ergonomic}
    uintx NonProfiledCodeHeapSize                  = 122909434                              {pd product} {ergonomic}
    uintx ProfiledCodeHeapSize                     = 122909434                              {pd product} {ergonomic}
    uintx ReservedCodeCacheSize                    = 251658240                              {pd product} {ergonomic}
     bool SegmentedCodeCache                       = true                                      {product} {ergonomic}
   size_t SoftMaxHeapSize                          = 4276092928                             {manageable} {ergonomic}
     bool UseCompressedClassPointers               = true                           {product lp64_product} {ergonomic}
     bool UseCompressedOops                        = true                           {product lp64_product} {ergonomic}
     bool UseG1GC                                  = true                                      {product} {ergonomic}
     bool UseLargePagesIndividualAllocation        = false                                  {pd product} {ergonomic}

Logging:
Log output configuration:
 #0: stdout all=warning uptime,level,tags
 #1: stderr all=off uptime,level,tags

Environment Variables:
JAVA_HOME=C:\Program Files\Microsoft\jdk-21.0.10.7-hotspot\
PATH=C:\Program Files\Microsoft\jdk-21.0.10.7-hotspot\bin;C:\Program Files\Common Files\Oracle\Java\javapath;C:\app\jorge\product\21c\dbhomeXE\bin;C:\WINDOWS\system32;C:\WINDOWS;C:\WINDOWS\System32\Wbem;C:\WINDOWS\System32\WindowsPowerShell\v1.0\;C:\WINDOWS\System32\OpenSSH\;C:\Program Files\NVIDIA Corporation\NVIDIA App\NvDLISR;C:\Program Files (x86)\NVIDIA Corporation\PhysX\Common;C:\Program Files\nodejs\;C:\Program Files\Docker\Docker\resources\bin;C:\Program Files\Git\cmd;C:\Program Files\dotnet\;C:\Program Files\Amazon\AWSCLIV2\;C:\Program Files\Amazon\AWSSAMCLI\bin\;C:\Users\jorge\scoop\apps\maven\current\bin;C:\Users\jorge\scoop\shims;C:\Program Files\MySQL\MySQL Shell 8.0\bin\;C:\Users\jorge\AppData\Local\Programs\Python\Launcher\;C:\Users\jorge\AppData\Local\Microsoft\WindowsApps;C:\Users\jorge\AppData\Local\Programs\Microsoft VS Code\bin;C:\Program Files\JetBrains\PyCharm Community Edition 2025.1.1.1\bin;;C:\Users\jorge\AppData\Roaming\npm;C:\Users\jorge\.dotnet\tools;C:\Program Files\PostgreSQL\17\bin;C:\terraform;
USERNAME=jorge
OS=Windows_NT
PROCESSOR_IDENTIFIER=Intel64 Family 6 Model 165 Stepping 5, GenuineIntel
TMP=C:\Users\jorge\AppData\Local\Temp
TEMP=C:\Users\jorge\AppData\Local\Temp



Periodic native trim disabled


---------------  S Y S T E M  ---------------

OS:
 Windows 10 , 64 bit Build 19041 (10.0.19041.5915)
OS uptime: 1 days 4:30 hours
Hyper-V role detected

CPU: total 12 (initial active 12) (6 cores per cpu, 2 threads per core) family 6 model 165 stepping 5 microcode 0xca, cx8, cmov, fxsr, ht, mmx, 3dnowpref, sse, sse2, sse3, ssse3, sse4.1, sse4.2, popcnt, lzcnt, tsc, tscinvbit, avx, avx2, aes, erms, clmul, bmi1, bmi2, adx, fma, vzeroupper, clflush, clflushopt, hv
Processor Information for the first 12 processors :
  Max Mhz: 4104, Current Mhz: 3803, Mhz Limit: 4104

Memory: 4k page, system-wide physical 16310M (5048M free)
TotalPageFile size 27702M (AvailPageFile size 4432M)
current process WorkingSet (physical memory assigned to process): 258M, peak: 265M
current process commit charge ("private bytes"): 305M, peak: 417M

vm_info: OpenJDK 64-Bit Server VM (17.0.18+8-LTS) for windows-amd64 JRE (17.0.18+8-LTS), built on Jan 15 2026 18:50:45 by "MicrosoftCorporation" with MS VC++ 17.14 (VS2022)

END.
